Microchip MPLAB XC8 Compiler V2.32

Linker command line:

-W-3 --edf=C:\Program Files\Microchip\xc8\v2.32\pic\dat\en_msgs.txt -cn \
  -h+dist/default/production\game-pic18f4550.production.sym \
  --cmf=dist/default/production\game-pic18f4550.production.cmf -z -Q18F4550 \
  -oC:\Users\brito\AppData\Local\Temp\xcAs3ls.4 --defsym=__MPLAB_BUILD=1 \
  -Mdist/default/production/game-pic18f4550.production.map -E1 \
  -ver=XC8 Compiler --acfsm=1493 -ASTACK=060h-07FFh -pstack=STACK \
  -ACODE=00h-07FFFh -ACONST=00h-07FFFh -ASMALLCONST=0800h-08FFhx120 \
  -AMEDIUMCONST=0800h-07FFFh -ACOMRAM=01h-05Fh -AABS1=00h-07FFh \
  -ABIGRAM=01h-07FFh -ARAM=060h-0FFh,0100h-01FFhx7 -ABANK0=060h-0FFh \
  -ABANK1=0100h-01FFh -ABANK2=0200h-02FFh -ABANK3=0300h-03FFh \
  -ABANK4=0400h-04FFh -ABANK5=0500h-05FFh -ABANK6=0600h-06FFh \
  -ABANK7=0700h-07FFh -ASFR=0F60h-0FFFh -ACONFIG=0300000h-030000Dh \
  -AIDLOC=0200000h-0200007h -AEEDATA=0F00000h-0F000FFh -peeprom_data=EEDATA \
  -preset_vec=00h,intcode=08h,intcodelo,powerup,init -pramtop=0800h \
  -psmallconst=SMALLCONST -pmediumconst=MEDIUMCONST -pconst=CONST \
  -AFARRAM=00h-00h \
  -prdata=COMRAM,nvrram=COMRAM,nvbit=COMRAM,rbss=COMRAM,rbit=COMRAM \
  -pfarbss=FARRAM,fardata=FARRAM,nvFARRAM=FARRAM \
  -pintsave_regs=BIGRAM,bigbss=BIGRAM,bigdata=BIGRAM -pbss=RAM \
  -pidata=CODE,irdata=CODE,ibigdata=CODE,ifardata=CODE -prparam=COMRAM \
  C:\Users\brito\AppData\Local\Temp\xcAs3ls.o \
  dist/default/production\game-pic18f4550.production.o 

Object code version is 3.11

Machine type is 18F4550



                Name                               Link     Load   Length Selector   Space Scale
C:\Users\brito\AppData\Local\Temp\xcAs3ls.o
                idloc                            200000   200000        8        0       5
                config                           300000   300000        E        0       4
                init                                  E        E        4        4       0
                reset_vec                             0        0        4        0       0
dist/default/production\game-pic18f4550.production.o
                intcode                               8        8        6        4       0
                idloc                            200000   200000        8        0       5
                config                           300000   300000        E        0       4
                temp                                 31       31        1        1       1
                smallconst                          800      800        4      400       0
                text15                              DD4      DD4       1C      402       0
                text14                              E42      E42        C      402       0
                intcode_body                        D94      D94       24      402       0
                text12                              D16      D16       2E      402       0
                text11                              DB8      DB8       1C      402       0
                text10                              E30      E30       12      402       0
                text9                               E1E      E1E       12      402       0
                text8                               DF0      DF0       18      402       0
                text7                               C7C      C7C       62      402       0
                text6                               AF2      AF2       A2      402       0
                text5                               CDE      CDE       38      402       0
                text4                               D44      D44       2C      402       0
                text3                               C0A      C0A       72      402       0
                text2                               E08      E08       16      402       0
                text1                               B94      B94       76      402       0
                text0                               804      804      2EE      402       0
                cstackCOMRAM                          1        1       2D        1       1
                dataCOMRAM                           30       30        1        1       1
                bssCOMRAM                            2E       2E        2        1       1
                cinit                               D70      D70       24      402       0
                idataCOMRAM                         E4E      E4E        1      402       0

TOTAL           Name                               Link     Load   Length     Space
        CLASS   STACK          

        CLASS   CODE           
                intcode                               8        8        6         0
                init                                  E        E        4         0
                reset_vec                             0        0        4         0
                text15                              DD4      DD4       1C         0
                text14                              E42      E42        C         0
                intcode_body                        D94      D94       24         0
                text12                              D16      D16       2E         0
                text11                              DB8      DB8       1C         0
                text10                              E30      E30       12         0
                text9                               E1E      E1E       12         0
                text8                               DF0      DF0       18         0
                text7                               C7C      C7C       62         0
                text6                               AF2      AF2       A2         0
                text5                               CDE      CDE       38         0
                text4                               D44      D44       2C         0
                text3                               C0A      C0A       72         0
                text2                               E08      E08       16         0
                text1                               B94      B94       76         0
                text0                               804      804      2EE         0
                cinit                               D70      D70       24         0
                idataCOMRAM                         E4E      E4E        1         0

        CLASS   CONST          

        CLASS   SMALLCONST     
                smallconst                          800      800        4         0

        CLASS   MEDIUMCONST    

        CLASS   COMRAM         
                temp                                 31       31        1         1
                cstackCOMRAM                          1        1       2D         1
                dataCOMRAM                           30       30        1         1
                bssCOMRAM                            2E       2E        2         1

        CLASS   ABS1           

        CLASS   BIGRAM         

        CLASS   RAM            

        CLASS   BANK0          

        CLASS   BANK1          

        CLASS   BANK2          

        CLASS   BANK3          

        CLASS   BANK4          

        CLASS   BANK5          

        CLASS   BANK6          

        CLASS   BANK7          

        CLASS   SFR            

        CLASS   CONFIG         
                config                           300000   300000        E         4

        CLASS   IDLOC          
                idloc                            200000   200000        8         5

        CLASS   EEDATA         

        CLASS   FARRAM         



SEGMENTS        Name                           Load    Length   Top    Selector   Space  Class

                reset_vec                      000000  000004  000004         0       0  CODE    
                cstackCOMRAM                   000001  000031  000032         1       1  COMRAM  
                intcode                        000008  00000A  000012         4       0  CODE    
                smallconst                     000800  000004  000804       400       0  SMALLCON
                text0                          000804  00064B  000E4F       402       0  CODE    


UNUSED ADDRESS RANGES

        Name                Unused          Largest block    Delta
        BANK0            000060-0000FF               A0
        BANK1            000100-0001FF              100
        BANK2            000200-0002FF              100
        BANK3            000300-0003FF              100
        BANK4            000400-0004FF              100
        BANK5            000500-0005FF              100
        BANK6            000600-0006FF              100
        BANK7            000700-0007FF              100
        BIGRAM           000032-0007FF              7CE
        CODE             000004-000007                4
                         000012-0007FF              7EE
                         000E4F-007FFF             71B1
        COMRAM           000032-00005F               2E
        CONST            000004-000007                4
                         000012-0007FF              7EE
                         000E4F-007FFF             71B1
        EEDATA           F00000-F000FF              100
        MEDIUMCONST      000E4F-007FFF             71B1
        RAM              000060-0007FF              100
        SFR              000F60-000FFF               A0
        SMALLCONST       000E4F-007FFF              100
        STACK            000060-0007FF              7A0

                                  Symbol Table

_BAUDCON                         (abs)        000FB8
_INTCON                          (abs)        000FF2
_IPEN                            (abs)        007E87
_LE0                             (abs)        007C68
_LE1                             (abs)        007C69
_PORTBbits                       (abs)        000F81
_PORTD                           (abs)        000F83
_PORTE                           (abs)        000F84
_RCIE                            (abs)        007CED
_RCIF                            (abs)        007CF5
_RCIP                            (abs)        007CFD
_RCREG                           (abs)        000FAE
_RCSTA                           (abs)        000FAB
_SPBRG                           (abs)        000FAF
_TRISA                           (abs)        000F92
_TRISB                           (abs)        000F93
_TRISC                           (abs)        000F94
_TRISD                           (abs)        000F95
_TRISE                           (abs)        000F96
_TXREG                           (abs)        000FAD
_TXSTA                           (abs)        000FAC
__HRAM                           (abs)        000000
__Habs1                          abs1         000000
__Hbank0                         bank0        000000
__Hbank1                         bank1        000000
__Hbank2                         bank2        000000
__Hbank3                         bank3        000000
__Hbank4                         bank4        000000
__Hbank5                         bank5        000000
__Hbank6                         bank6        000000
__Hbank7                         bank7        000000
__Hbigbss                        bigbss       000000
__Hbigdata                       bigdata      000000
__Hbigram                        bigram       000000
__Hbss                           bss          000000
__HbssCOMRAM                     bssCOMRAM    000000
__Hcinit                         cinit        000000
__Hclrtext                       clrtext      000000
__Hcomram                        comram       000000
__Hconfig                        config       30000E
__Hconst                         const        000000
__HcstackCOMRAM                  cstackCOMRAM 000000
__Hdata                          data         000000
__HdataCOMRAM                    dataCOMRAM   000000
__Heeprom_data                   eeprom_data  000000
__Hfarbss                        farbss       000000
__Hfardata                       fardata      000000
__Hibigdata                      ibigdata     000000
__Hidata                         idata        000000
__HidataCOMRAM                   idataCOMRAM  000000
__Hidloc                         idloc        200008
__Hifardata                      ifardata     000000
__Hinit                          init         000012
__Hintcode                       intcode      00000E
__Hintcode_body                  intcode_body 000000
__Hintcodelo                     intcodelo    00000E
__Hintentry                      intentry     000000
__Hintret                        intret       000000
__Hintsave_regs                  intsave_regs 000000
__Hirdata                        irdata       000000
__Hmediumconst                   mediumconst  000000
__HnvFARRAM                      nvFARRAM     000000
__Hnvbit                         nvbit        000000
__Hnvrram                        nvrram       000000
__Hparam                         rparam       000000
__Hpowerup                       powerup      00000E
__Hram                           ram          000000
__Hramtop                        ramtop       000800
__Hrbit                          rbit         000000
__Hrbss                          rbss         000000
__Hrdata                         rdata        000000
__Hreset_vec                     reset_vec    000004
__Hrparam                        rparam       000000
__Hsfr                           sfr          000000
__Hsmallconst                    smallconst   000804
__Hspace_0                       (abs)        000E4F
__Hspace_1                       (abs)        000032
__Hspace_2                       (abs)        000000
__Hspace_4                       (abs)        60000E
__Hstack                         stack        000000
__Hstruct                        struct       000000
__Htemp                          temp         000032
__Htext                          text         000000
__Htext0                         text0        000000
__Htext1                         text1        000000
__Htext10                        text10       000000
__Htext11                        text11       000000
__Htext12                        text12       000000
__Htext14                        text14       000000
__Htext15                        text15       000000
__Htext2                         text2        000000
__Htext3                         text3        000000
__Htext4                         text4        000000
__Htext5                         text5        000000
__Htext6                         text6        000000
__Htext7                         text7        000000
__Htext8                         text8        000000
__Htext9                         text9        000000
__LRAM                           (abs)        000001
__Labs1                          abs1         000000
__Lbank0                         bank0        000000
__Lbank1                         bank1        000000
__Lbank2                         bank2        000000
__Lbank3                         bank3        000000
__Lbank4                         bank4        000000
__Lbank5                         bank5        000000
__Lbank6                         bank6        000000
__Lbank7                         bank7        000000
__Lbigbss                        bigbss       000000
__Lbigdata                       bigdata      000000
__Lbigram                        bigram       000000
__Lbss                           bss          000000
__LbssCOMRAM                     bssCOMRAM    000000
__Lcinit                         cinit        000000
__Lclrtext                       clrtext      000000
__Lcomram                        comram       000000
__Lconfig                        config       000000
__Lconst                         const        000000
__LcstackCOMRAM                  cstackCOMRAM 000000
__Ldata                          data         000000
__LdataCOMRAM                    dataCOMRAM   000000
__Leeprom_data                   eeprom_data  000000
__Lfarbss                        farbss       000000
__Lfardata                       fardata      000000
__Libigdata                      ibigdata     000000
__Lidata                         idata        000000
__LidataCOMRAM                   idataCOMRAM  000000
__Lidloc                         idloc        000000
__Lifardata                      ifardata     000000
__Linit                          init         00000E
__Lintcode                       intcode      000008
__Lintcode_body                  intcode_body 000000
__Lintcodelo                     intcodelo    00000E
__Lintentry                      intentry     000000
__Lintret                        intret       000000
__Lintsave_regs                  intsave_regs 000000
__Lirdata                        irdata       000000
__Lmediumconst                   mediumconst  000000
__LnvFARRAM                      nvFARRAM     000000
__Lnvbit                         nvbit        000000
__Lnvrram                        nvrram       000000
__Lparam                         rparam       000000
__Lpowerup                       powerup      00000E
__Lram                           ram          000000
__Lramtop                        ramtop       000800
__Lrbit                          rbit         000000
__Lrbss                          rbss         000000
__Lrdata                         rdata        000000
__Lreset_vec                     reset_vec    000000
__Lrparam                        rparam       000000
__Lsfr                           sfr          000000
__Lsmallconst                    smallconst   000800
__Lspace_0                       (abs)        000000
__Lspace_1                       (abs)        000000
__Lspace_2                       (abs)        000000
__Lspace_4                       (abs)        000000
__Lstack                         stack        000000
__Lstruct                        struct       000000
__Ltemp                          temp         000031
__Ltext                          text         000000
__Ltext0                         text0        000000
__Ltext1                         text1        000000
__Ltext10                        text10       000000
__Ltext11                        text11       000000
__Ltext12                        text12       000000
__Ltext14                        text14       000000
__Ltext15                        text15       000000
__Ltext2                         text2        000000
__Ltext3                         text3        000000
__Ltext4                         text4        000000
__Ltext5                         text5        000000
__Ltext6                         text6        000000
__Ltext7                         text7        000000
__Ltext8                         text8        000000
__Ltext9                         text9        000000
__S0                             (abs)        000E4F
__S1                             (abs)        000032
__S2                             (abs)        000000
__S4                             (abs)        000000
__S5                             (abs)        000000
___inthi_sp                      stack        000000
___intlo_sp                      stack        000000
___param_bank                    (abs)        000000
___rparam_used                   (abs)        000001
___sp                            stack        000000
__accesstop                      (abs)        000060
__activetblptr                   (abs)        000002
__end_of__initialization         cinit        000D86
__end_of_configura               text12       000D44
__end_of_lcd_apaga               text2        000E1E
__end_of_lcd_clear               text8        000E08
__end_of_lcd_desenhaObstaculoA   text10       000E42
__end_of_lcd_desenhaObstaculoB   text9        000E30
__end_of_lcd_init                text7        000CDE
__end_of_lcd_movimentoObstaculo  text4        000D70
__end_of_lcd_player              text6        000B94
__end_of_lcd_putch               text14       000E4E
__end_of_lcd_puts                text5        000D16
__end_of_lcd_write               text11       000DD4
__end_of_main                    text0        000AF2
__end_of_movA                    text3        000C7C
__end_of_movB                    text1        000C0A
__end_of_tmr                     intcode_body 000DB8
__end_ofi2_lcd_write             text15       000DF0
__initialization                 cinit        000D70
__mediumconst                    mediumconst  000000
__pbssCOMRAM                     bssCOMRAM    00002E
__pcinit                         cinit        000D70
__pcstackCOMRAM                  cstackCOMRAM 000001
__pdataCOMRAM                    dataCOMRAM   000030
__pidataCOMRAM                   idataCOMRAM  000E4E
__pintcode                       intcode      000008
__pintcode_body                  intcode_body 000D94
__psmallconst                    smallconst   000800
__ptext0                         text0        000804
__ptext1                         text1        000B94
__ptext10                        text10       000E30
__ptext11                        text11       000DB8
__ptext12                        text12       000D16
__ptext14                        text14       000E42
__ptext15                        text15       000DD4
__ptext2                         text2        000E08
__ptext3                         text3        000C0A
__ptext4                         text4        000D44
__ptext5                         text5        000CDE
__ptext6                         text6        000AF2
__ptext7                         text7        000C7C
__ptext8                         text8        000DF0
__ptext9                         text9        000E1E
__ramtop                         ramtop       000800
__size_of_configura              (abs)        000000
__size_of_lcd_apaga              (abs)        000000
__size_of_lcd_clear              (abs)        000000
__size_of_lcd_desenhaObstaculoA  (abs)        000000
__size_of_lcd_desenhaObstaculoB  (abs)        000000
__size_of_lcd_init               (abs)        000000
__size_of_lcd_movimentoObstaculo (abs)        000000
__size_of_lcd_player             (abs)        000000
__size_of_lcd_putch              (abs)        000000
__size_of_lcd_puts               (abs)        000000
__size_of_lcd_write              (abs)        000000
__size_of_main                   (abs)        000000
__size_of_movA                   (abs)        000000
__size_of_movB                   (abs)        000000
__size_of_tmr                    (abs)        000000
__size_ofi2_lcd_write            (abs)        000000
__smallconst                     smallconst   000800
_configura                       text12       000D16
_envia                           dataCOMRAM   000030
_lcd_apaga                       text2        000E08
_lcd_clear                       text8        000DF0
_lcd_desenhaObstaculoA           text10       000E30
_lcd_desenhaObstaculoB           text9        000E1E
_lcd_init                        text7        000C7C
_lcd_movimentoObstaculo          text4        000D44
_lcd_player                      text6        000AF2
_lcd_putch                       text14       000E42
_lcd_puts                        text5        000CDE
_lcd_write                       text11       000DB8
_main                            text0        000804
_movA                            text3        000C0A
_movB                            text1        000B94
_tmr                             intcode      000008
_x                               bssCOMRAM    00002E
btemp                            temp         000031
end_of_initialization            cinit        000D86
i2_lcd_write                     text15       000DD4
i2lcd_write@c                    cstackCOMRAM 000002
int$flags                        temp         000031
int_func                         intcode_body 000D94
intlevel0                        text         000000
intlevel1                        text         000000
intlevel2                        text         000000
intlevel3                        text         000000
isa$std                          (abs)        000001
isa$xinst                        (abs)        000000
lcd_movimentoObstaculo@pos       cstackCOMRAM 000009
lcd_putch@c                      cstackCOMRAM 000003
lcd_puts@s                       cstackCOMRAM 000007
lcd_write@c                      cstackCOMRAM 000006
main@a1                          cstackCOMRAM 00002D
main@a2                          cstackCOMRAM 00001D
main@a3                          cstackCOMRAM 00001E
main@a4                          cstackCOMRAM 00001F
main@b1                          cstackCOMRAM 000020
main@b2                          cstackCOMRAM 000021
main@b3                          cstackCOMRAM 000022
main@b4                          cstackCOMRAM 000023
main@b5                          cstackCOMRAM 000024
main@flagA1                      cstackCOMRAM 000013
main@flagA2                      cstackCOMRAM 000025
main@flagA3                      cstackCOMRAM 000026
main@flagA4                      cstackCOMRAM 000027
main@flagB1                      cstackCOMRAM 000028
main@flagB2                      cstackCOMRAM 000029
main@flagB3                      cstackCOMRAM 00002A
main@flagB4                      cstackCOMRAM 00002B
main@flagB5                      cstackCOMRAM 00002C
main@p1                          cstackCOMRAM 000014
main@p2                          cstackCOMRAM 000015
main@p3                          cstackCOMRAM 000016
main@p4                          cstackCOMRAM 000017
main@q1                          cstackCOMRAM 000018
main@q2                          cstackCOMRAM 000019
main@q3                          cstackCOMRAM 00001A
main@q4                          cstackCOMRAM 00001B
main@q5                          cstackCOMRAM 00001C
movA@a                           cstackCOMRAM 00000C
movA@flag                        cstackCOMRAM 00000E
movA@p                           cstackCOMRAM 00000A
movB@b                           cstackCOMRAM 00000C
movB@flag                        cstackCOMRAM 00000E
movB@q                           cstackCOMRAM 00000A
stackhi                          (abs)        0007FF
stacklo                          (abs)        000060
start                            init         00000E
start_initialization             cinit        000D70
tmr@serial                       cstackCOMRAM 000004
ttemp5                           temp         000032
ttemp6                           temp         000035
ttemp7                           temp         000039
wtemp8                           temp         000032


MODULE INFORMATION

Module		Function		Class		Link	Load	Size
./config.h
		_configura     		CODE           	0D16	0000	46

./config.h estimated size: 46

shared
		__initialization		CODE           	0D70	0000	22
		i2_lcd_write   		CODE           	0DD4	0000	28

shared estimated size: 50

lcd.c
		_lcd_desenhaObstaculoB		CODE           	0E1E	0000	18
		_lcd_puts      		CODE           	0CDE	0000	56
		_lcd_putch     		CODE           	0E42	0000	12
		_lcd_movimentoObstaculo		CODE           	0D44	0000	44
		_lcd_clear     		CODE           	0DF0	0000	24
		_lcd_write     		CODE           	0DB8	0000	28
		_lcd_apaga     		CODE           	0E08	0000	22
		_lcd_desenhaObstaculoA		CODE           	0E30	0000	18
		_lcd_init      		CODE           	0C7C	0000	98
		_lcd_player    		CODE           	0AF2	0000	162

lcd.c estimated size: 482

main.c
		_movA          		CODE           	0C0A	0000	114
		_main          		CODE           	0804	0000	750
		_movB          		CODE           	0B94	0000	118
		_tmr           		CODE           	0008	0000	42

main.c estimated size: 1024

